// Jest Snapshot v1, https://goo.gl/fbAQLP

exports[`MovieDetailsPage component  renders MovieDetailsPage 1`] = `
<div
  className="page-wrapper"
>
  <main
    className="page-header"
  >
    <div
      styleName="header-wrapper"
    >
      <Logo />
      <button
        styleName="search-button"
      >
        Search
      </button>
    </div>
    <MovieElement
      genres={
        Array [
          "Test genre",
          "Another test genre",
        ]
      }
      overview="Test overview"
      poster_path="http://poster.path"
      release_date="2020-10-20"
      runtime={120}
      title="Test tile"
      vote_average={9}
    />
  </main>
  <MovieListTitle
    genre="Test genre & Another test genre"
  />
  <MovieList
    movies={
      Array [
        Object {
          "genres": Array [
            "Test genre",
            "Another test genre",
          ],
          "overview": "Test overview",
          "poster_path": "http://poster.path",
          "release_date": "2020-10-20",
          "runtime": 120,
          "title": "Test tile",
          "vote_average": 9,
        },
        Object {
          "genres": Array [
            "Test genre",
            "Another test genre",
          ],
          "overview": "Test overview",
          "poster_path": "http://poster.path",
          "release_date": "2020-10-20",
          "runtime": 120,
          "title": "Test tile",
          "vote_average": 9,
        },
      ]
    }
  />
</div>
`;
