// Jest Snapshot v1, https://goo.gl/fbAQLP

exports[`ErrorBoundary generates a error message when an error is caught 1`] = `<BuggedComponent />`;
