// Jest Snapshot v1, https://goo.gl/fbAQLP

exports[`App component renders search page by default 1`] = `
<section
  styleName="wrapper"
>
  <ErrorBoundary>
    <SearchPage />
    <Footer />
  </ErrorBoundary>
</section>
`;
