// Jest Snapshot v1, https://goo.gl/fbAQLP

exports[`App component renders 'Aloha' 1`] = `
<div>
  <div>
    Aloha
  </div>
</div>
`;
