// Jest Snapshot v1, https://goo.gl/fbAQLP

exports[`Footer component renders logo 1`] = `
<footer
  styleName="wrapper"
>
  <div
    styleName="content"
  >
    <span
      styleName="title"
    >
      netflixroulette
    </span>
  </div>
</footer>
`;
